> Task :app:checkDebugDuplicateClasses FAILED
> Task :app:processDebugResources FAILED
* What went wrong:
* What went wrong:
     error: resource android:style/Theme.Material.NoTitleBar not found.
     error: failed linking references.
BUILD FAILED in 36s
> Task :app:processDebugJavaRes NO-SOURCE
> Task :app:processDebugManifestForPackage
> Task :app:checkDebugDuplicateClasses FAILED
> Task :app:mergeDebugJavaResource
> Task :app:processDebugResources FAILED

FAILURE: Build completed with 2 failures.

1: Task failed with an exception.
-----------
* What went wrong:
Execution failed for task ':app:checkDebugDuplicateClasses'.
> A failure occurred while executing com.android.build.gradle.internal.tasks.CheckDuplicatesRunnable
   > Duplicate class kotlin.collections.jdk8.CollectionsJDK8Kt found in modules jetified-kotlin-stdlib-1.8.22 (org.jetbrains.kotlin:kotlin-stdlib:1.8.22) and jetified-kotlin-stdlib-jdk8-1.6.0 (org.jetbrains.kotlin:kotlin-stdlib-jdk8:1.6.0)
     Duplicate class kotlin.internal.jdk7.JDK7PlatformImplementations found in modules jetified-kotlin-stdlib-1.8.22 (org.jetbrains.kotlin:kotlin-stdlib:1.8.22) and jetified-kotlin-stdlib-jdk7-1.6.0 (org.jetbrains.kotlin:kotlin-stdlib-jdk7:1.6.0)
     Duplicate class kotlin.internal.jdk8.JDK8PlatformImplementations found in modules jetified-kotlin-stdlib-1.8.22 (org.jetbrains.kotlin:kotlin-stdlib:1.8.22) and jetified-kotlin-stdlib-jdk8-1.6.0 (org.jetbrains.kotlin:kotlin-stdlib-jdk8:1.6.0)
     Duplicate class kotlin.io.path.ExperimentalPathApi found in modules jetified-kotlin-stdlib-1.8.22 (org.jetbrains.kotlin:kotlin-stdlib:1.8.22) and jetified-kotlin-stdlib-jdk7-1.6.0 (org.jetbrains.kotlin:kotlin-stdlib-jdk7:1.6.0)
     Duplicate class kotlin.io.path.PathRelativizer found in modules jetified-kotlin-stdlib-1.8.22 (org.jetbrains.kotlin:kotlin-stdlib:1.8.22) and jetified-kotlin-stdlib-jdk7-1.6.0 (org.jetbrains.kotlin:kotlin-stdlib-jdk7:1.6.0)
     Duplicate class kotlin.io.path.PathsKt found in modules jetified-kotlin-stdlib-1.8.22 (org.jetbrains.kotlin:kotlin-stdlib:1.8.22) and jetified-kotlin-stdlib-jdk7-1.6.0 (org.jetbrains.kotlin:kotlin-stdlib-jdk7:1.6.0)
     Duplicate class kotlin.io.path.PathsKt__PathReadWriteKt found in modules jetified-kotlin-stdlib-1.8.22 (org.jetbrains.kotlin:kotlin-stdlib:1.8.22) and jetified-kotlin-stdlib-jdk7-1.6.0 (org.jetbrains.kotlin:kotlin-stdlib-jdk7:1.6.0)
     Duplicate class kotlin.io.path.PathsKt__PathUtilsKt found in modules jetified-kotlin-stdlib-1.8.22 (org.jetbrains.kotlin:kotlin-stdlib:1.8.22) and jetified-kotlin-stdlib-jdk7-1.6.0 (org.jetbrains.kotlin:kotlin-stdlib-jdk7:1.6.0)
     Duplicate class kotlin.jdk7.AutoCloseableKt found in modules jetified-kotlin-stdlib-1.8.22 (org.jetbrains.kotlin:kotlin-stdlib:1.8.22) and jetified-kotlin-stdlib-jdk7-1.6.0 (org.jetbrains.kotlin:kotlin-stdlib-jdk7:1.6.0)
     Duplicate class kotlin.jvm.jdk8.JvmRepeatableKt found in modules jetified-kotlin-stdlib-1.8.22 (org.jetbrains.kotlin:kotlin-stdlib:1.8.22) and jetified-kotlin-stdlib-jdk8-1.6.0 (org.jetbrains.kotlin:kotlin-stdlib-jdk8:1.6.0)
     Duplicate class kotlin.random.jdk8.PlatformThreadLocalRandom found in modules jetified-kotlin-stdlib-1.8.22 (org.jetbrains.kotlin:kotlin-stdlib:1.8.22) and jetified-kotlin-stdlib-jdk8-1.6.0 (org.jetbrains.kotlin:kotlin-stdlib-jdk8:1.6.0)
     Duplicate class kotlin.streams.jdk8.StreamsKt found in modules jetified-kotlin-stdlib-1.8.22 (org.jetbrains.kotlin:kotlin-stdlib:1.8.22) and jetified-kotlin-stdlib-jdk8-1.6.0 (org.jetbrains.kotlin:kotlin-stdlib-jdk8:1.6.0)
     Duplicate class kotlin.streams.jdk8.StreamsKt$asSequence$$inlined$Sequence$1 found in modules jetified-kotlin-stdlib-1.8.22 (org.jetbrains.kotlin:kotlin-stdlib:1.8.22) and jetified-kotlin-stdlib-jdk8-1.6.0 (org.jetbrains.kotlin:kotlin-stdlib-jdk8:1.6.0)
     Duplicate class kotlin.streams.jdk8.StreamsKt$asSequence$$inlined$Sequence$2 found in modules jetified-kotlin-stdlib-1.8.22 (org.jetbrains.kotlin:kotlin-stdlib:1.8.22) and jetified-kotlin-stdlib-jdk8-1.6.0 (org.jetbrains.kotlin:kotlin-stdlib-jdk8:1.6.0)
     Duplicate class kotlin.streams.jdk8.StreamsKt$asSequence$$inlined$Sequence$3 found in modules jetified-kotlin-stdlib-1.8.22 (org.jetbrains.kotlin:kotlin-stdlib:1.8.22) and jetified-kotlin-stdlib-jdk8-1.6.0 (org.jetbrains.kotlin:kotlin-stdlib-jdk8:1.6.0)
     Duplicate class kotlin.streams.jdk8.StreamsKt$asSequence$$inlined$Sequence$4 found in modules jetified-kotlin-stdlib-1.8.22 (org.jetbrains.kotlin:kotlin-stdlib:1.8.22) and jetified-kotlin-stdlib-jdk8-1.6.0 (org.jetbrains.kotlin:kotlin-stdlib-jdk8:1.6.0)
     Duplicate class kotlin.text.jdk8.RegexExtensionsJDK8Kt found in modules jetified-kotlin-stdlib-1.8.22 (org.jetbrains.kotlin:kotlin-stdlib:1.8.22) and jetified-kotlin-stdlib-jdk8-1.6.0 (org.jetbrains.kotlin:kotlin-stdlib-jdk8:1.6.0)
     Duplicate class kotlin.time.jdk8.DurationConversionsJDK8Kt found in modules jetified-kotlin-stdlib-1.8.22 (org.jetbrains.kotlin:kotlin-stdlib:1.8.22) and jetified-kotlin-stdlib-jdk8-1.6.0 (org.jetbrains.kotlin:kotlin-stdlib-jdk8:1.6.0)
     
     Go to the documentation to learn how to <a href="d.android.com/r/tools/classpath-sync-errors">Fix dependency resolution errors</a>.

* Try:
> Run with --stacktrace option to get the stack trace.
> Run with --info or --debug option to get more log output.
> Run with --scan to get full insights.
> Get more help at https://help.gradle.org.
==============================================================================

2: Task failed with an exception.
-----------
* What went wrong:
Execution failed for task ':app:processDebugResources'.
> A failure occurred while executing com.android.build.gradle.internal.res.LinkApplicationAndroidResourcesTask$TaskAction
   > Android resource linking failed
     error: resource android:style/Theme.Material.NoTitleBar not found.
     error: failed linking references.


* Try:
> Run with --stacktrace option to get the stack trace.
> Run with --info or --debug option to get more log output.
> Run with --scan to get full insights.
> Get more help at https://help.gradle.org.
==============================================================================

BUILD FAILED in 36s
18 actionable tasks: 18 executed
